[INFO] File logging enabled: /home/dae/Work/VZ/Ljod/.kls/logs/2026-09-05_173139_468539.log
[INFO] async     Database has the correct version 5 and will be used as-is
[INFO] async     JarIndex table created
[INFO] async     Adding workspace folder workspace
[INFO] async     Searching /home/dae/Work/VZ/Ljod using exclusions: [.git, .hg, .svn, .idea, .idea_modules, .vs, .vscode, .code-workspace, .settings, bazel-*, bin, build, node_modules, target, *.kts]
[INFO] async     Adding 58 files under /home/dae/Work/VZ/Ljod to source path
[INFO] async     Updated exclusions: [.git, .hg, .svn, .idea, .idea_modules, .vs, .vscode, .code-workspace, .settings, bazel-*, bin, build, node_modules, target, *.kts]
[INFO] async     Searching for dependencies and Java sources in workspace root /home/dae/Work/VZ/Ljod
[INFO] async     Cached classpath is outdated or not found. Resolving again
[INFO]           Found kotlinc at /usr/bin/kotlinc
[INFO]           Could not resolve kotlin-stdlib using Maven: Cannot invoke "java.nio.file.Path.getFileSystem()" because "path" is null
[INFO]           Successfully resolved kotlin-stdlib using Gradle to /home/dae/.gradle/caches/modules-2/files-2.1/org.jetbrains.kotlin/kotlin-stdlib/2.4.0/4e9f4b531dce5c7dee58ed2de9a8b9a763c8dc6c/kotlin-stdlib-2.4.0.jar
[INFO] async     Adding [/home/dae/.gradle/caches/modules-2/files-2.1/org.jetbrains.kotlin/kotlin-stdlib/2.4.0/4e9f4b531dce5c7dee58ed2de9a8b9a763c8dc6c/kotlin-stdlib-2.4.0.jar] to class path
[INFO] async     Update build script path
[INFO] async     Build script classpath has not changed. Fetching from cache
[INFO] async     Cached classpath with sources is outdated or not found. Resolving again
[INFO] async     Adding [/home/dae/.gradle/caches/modules-2/files-2.1/org.jetbrains.kotlin/kotlin-stdlib/2.4.0/4e9f4b531dce5c7dee58ed2de9a8b9a763c8dc6c/kotlin-stdlib-2.4.0.jar] to build script class path
[INFO] async     Reinstantiating compiler
[INFO] async     Workspace cache invalidated: stored=61b5abdc66991d6c != current=b7f0815121df1280
[INFO] async     Workspace cache invalid or not found, running full initialization
[INFO] async     initialize: returning InitializeResult
[INFO] debounce0 compileFiles: 1 files in lint set, 1 detected as changed (forceFresh=false)
[INFO] debounce0 Rebuilding dependency index with 58 files
[INFO] debounce0 Building dependency index with 58 files
[INFO] debounce0 Dependency index built: 37 packages, 403 import relationships
[INFO] debounce0 filesInPackageOrImporting(<root>) -> 3 results (3 in package, 0 importing)
[INFO] debounce0 compileAndUpdate: compiling 3 files: [file:///home/dae/Work/VZ/Ljod/settings.gradle.kts, file:///home/dae/Work/VZ/Ljod/build.gradle.kts, file:///home/dae/Work/VZ/Ljod/app/build.gradle.kts]
[INFO]           Found kotlinc at /usr/bin/kotlinc
[INFO]           Could not resolve kotlin-stdlib using Maven: Cannot invoke "java.nio.file.Path.getFileSystem()" because "path" is null
[INFO]           Successfully resolved kotlin-stdlib using Gradle to /home/dae/.gradle/caches/modules-2/files-2.1/org.jetbrains.kotlin/kotlin-stdlib/2.4.0/4e9f4b531dce5c7dee58ed2de9a8b9a763c8dc6c/kotlin-stdlib-2.4.0.jar
[INFO] debounce0 compileAndUpdate: compilation complete
[INFO] debounce0 compileAndUpdate: compiling 2 files: [file:///home/dae/Work/VZ/Ljod/build.gradle.kts, file:///home/dae/Work/VZ/Ljod/app/build.gradle.kts]
[INFO] debounce0 compileAndUpdate: compilation complete
[INFO] debounce0 compileFiles: 1 files in lint set, 0 detected as changed (forceFresh=false)
[INFO] debounce0 compileFiles: 1 files in lint set, 0 detected as changed (forceFresh=false)
[INFO] debounce0 compileFiles: 1 files in lint set, 1 detected as changed (forceFresh=false)
[INFO] debounce0 Rebuilding dependency index with 58 files
[INFO] debounce0 Building dependency index with 58 files
[INFO] debounce0 Dependency index built: 37 packages, 403 import relationships
[INFO] debounce0 filesInPackageOrImporting(dev.vz.ljod.app) -> 2 results (2 in package, 0 importing)
[INFO] debounce0 compileAndUpdate: compiling 2 files: [file:///home/dae/Work/VZ/Ljod/app/src/main/java/dev/vz/ljod/app/LjodShell.kt, file:///home/dae/Work/VZ/Ljod/app/src/main/java/dev/vz/ljod/app/LjodViewModel.kt]
[INFO] debounce0 compileAndUpdate: compilation complete
[INFO] debounce0 compileFiles: 1 files in lint set, 0 detected as changed (forceFresh=false)
[INFO] debounce0 compileFiles: 1 files in lint set, 1 detected as changed (forceFresh=false)
[INFO] debounce0 Rebuilding dependency index with 58 files
[INFO] debounce0 Building dependency index with 58 files
[INFO] debounce0 Dependency index built: 37 packages, 403 import relationships
[INFO] debounce0 filesInPackageOrImporting(dev.vz.ljod.playback) -> 3 results (3 in package, 0 importing)
[INFO] debounce0 compileAndUpdate: compiling 3 files: [file:///home/dae/Work/VZ/Ljod/app/src/main/java/dev/vz/ljod/playback/PlaybackController.kt, file:///home/dae/Work/VZ/Ljod/app/src/main/java/dev/vz/ljod/playback/PlaybackService.kt, file:///home/dae/Work/VZ/Ljod/app/src/main/java/dev/vz/ljod/playback/EqualizerController.kt]
[INFO] debounce0 compileAndUpdate: compilation complete
[INFO] debounce0 compileFiles: 1 files in lint set, 0 detected as changed (forceFresh=false)
[INFO] debounce0 compileFiles: 1 files in lint set, 0 detected as changed (forceFresh=false)
[INFO] debounce0 compileFiles: 1 files in lint set, 1 detected as changed (forceFresh=false)
[INFO] debounce0 Rebuilding dependency index with 58 files
[INFO] debounce0 Building dependency index with 58 files
[INFO] debounce0 Dependency index built: 37 packages, 403 import relationships
[INFO] debounce0 filesInPackageOrImporting(dev.vz.ljod) -> 2 results (2 in package, 0 importing)
[INFO] debounce0 compileAndUpdate: compiling 2 files: [file:///home/dae/Work/VZ/Ljod/app/src/main/java/dev/vz/ljod/LjodApp.kt, file:///home/dae/Work/VZ/Ljod/app/src/main/java/dev/vz/ljod/MainActivity.kt]
[INFO] debounce0 compileAndUpdate: compilation complete
[INFO] debounce0 compileFiles: 1 files in lint set, 0 detected as changed (forceFresh=false)
[INFO] debounce0 compileFiles: 1 files in lint set, 1 detected as changed (forceFresh=false)
[INFO] debounce0 Rebuilding dependency index with 58 files
[INFO] debounce0 Building dependency index with 58 files
[INFO] debounce0 Dependency index built: 37 packages, 403 import relationships
[INFO] debounce0 filesInPackageOrImporting(dev.vz.ljod.data.model) -> 2 results (2 in package, 0 importing)
[INFO] debounce0 compileAndUpdate: compiling 2 files: [file:///home/dae/Work/VZ/Ljod/app/src/main/java/dev/vz/ljod/data/model/Song.kt, file:///home/dae/Work/VZ/Ljod/app/src/main/java/dev/vz/ljod/data/model/Derived.kt]
[INFO] debounce0 compileAndUpdate: compilation complete
[INFO] debounce0 compileFiles: 1 files in lint set, 0 detected as changed (forceFresh=false)
[INFO] debounce0 compileFiles: 1 files in lint set, 1 detected as changed (forceFresh=false)
[INFO] debounce0 Rebuilding dependency index with 58 files
[INFO] debounce0 Building dependency index with 58 files
[INFO] debounce0 Dependency index built: 37 packages, 403 import relationships
[INFO] debounce0 filesInPackageOrImporting(dev.vz.ljod.data.database) -> 2 results (2 in package, 0 importing)
[INFO] debounce0 compileAndUpdate: compiling 2 files: [file:///home/dae/Work/VZ/Ljod/app/src/main/java/dev/vz/ljod/data/database/LjodDatabase.kt, file:///home/dae/Work/VZ/Ljod/app/src/main/java/dev/vz/ljod/data/database/Daos.kt]
